{"synthetic": false,
 "outputs":
 {"o": ["17142162968050384584"],
  "i": "574623562894454856",
  "c": "6763095023664651553"},
 "log":
 [{"message":
   ".> LEAN_PATH=/Users/samu/Documents/GitHub/HeineBorel/.lake/packages/Cli/.lake/build/lib/lean:/Users/samu/Documents/GitHub/HeineBorel/.lake/packages/batteries/.lake/build/lib/lean:/Users/samu/Documents/GitHub/HeineBorel/.lake/packages/Qq/.lake/build/lib/lean:/Users/samu/Documents/GitHub/HeineBorel/.lake/packages/aesop/.lake/build/lib/lean:/Users/samu/Documents/GitHub/HeineBorel/.lake/packages/proofwidgets/.lake/build/lib/lean:/Users/samu/Documents/GitHub/HeineBorel/.lake/packages/importGraph/.lake/build/lib/lean:/Users/samu/Documents/GitHub/HeineBorel/.lake/packages/LeanSearchClient/.lake/build/lib/lean:/Users/samu/Documents/GitHub/HeineBorel/.lake/packages/plausible/.lake/build/lib/lean:/Users/samu/Documents/GitHub/HeineBorel/.lake/packages/mathlib/.lake/build/lib/lean:/Users/samu/Documents/GitHub/HeineBorel/.lake/build/lib/lean /Users/samu/.elan/toolchains/leanprover--lean4---v4.23.0-rc2/bin/lean /Users/samu/Documents/GitHub/HeineBorel/MAT740TopologyInLeanHS25/Definitions/Bases.lean -o /Users/samu/Documents/GitHub/HeineBorel/.lake/build/lib/lean/MAT740TopologyInLeanHS25/Definitions/Bases.olean -i /Users/samu/Documents/GitHub/HeineBorel/.lake/build/lib/lean/MAT740TopologyInLeanHS25/Definitions/Bases.ilean -c /Users/samu/Documents/GitHub/HeineBorel/.lake/build/ir/MAT740TopologyInLeanHS25/Definitions/Bases.c --setup /Users/samu/Documents/GitHub/HeineBorel/.lake/build/ir/MAT740TopologyInLeanHS25/Definitions/Bases.setup.json --json",
   "level": "trace"}],
 "inputs":
 [["MAT740TopologyInLeanHS25.Definitions.Bases:deps",
   [["deps",
     [["«MAT740-Topology-in-Lean-HS25»/MAT740TopologyInLeanHS25:extraDep",
       [["@«MAT740-Topology-in-Lean-HS25»:extraDep", "1723"]]],
      ["imports",
       [["Mathlib.Tactic transitive imports (legacy)", "15421042236116525901"],
        ["Mathlib.Tactic:importAllArts", "18049348702817354389"],
        ["MAT740TopologyInLeanHS25.Definitions.TopologicalSpaces transitive imports (legacy)",
         "12161413081617670296"],
        ["MAT740TopologyInLeanHS25.Definitions.TopologicalSpaces:importAllArts",
         "1473352674128499644"],
        ["MAT740TopologyInLeanHS25.Definitions.ContinuousFunctions transitive imports (legacy)",
         "18411905263988934398"],
        ["MAT740TopologyInLeanHS25.Definitions.ContinuousFunctions:importAllArts",
         "3202195445802886680"]]]]],
    ["libs",
     [["import dynlibs", "1723"],
      ["package external libraries", "1723"],
      ["module dynlibs", "1723"],
      ["module plugins", "1723"]]]]],
  ["Lean 4.23.0, commit ad1a017949674a947f0d6794cbf7130d642c6530",
   "2372534101328293747"],
  ["/Users/samu/Documents/GitHub/HeineBorel/MAT740TopologyInLeanHS25/Definitions/Bases.lean",
   "16361302537883986221"],
  ["options",
   [["-DmaxSynthPendingDepth=3", "14379489197236848084"],
    ["-Dweak.linter.mathlibStandardSet=true", "9949955268809796418"],
    ["-DrelaxedAutoImplicit=false", "8404479228809428608"],
    ["-Dpp.unicode.fun=true", "11210593074386665387"],
    ["-DautoImplicit=false", "5369888039164004816"]]],
  ["Module.leanArgs: #[]", "1723"]],
 "depHash": "9257339784107672628"}