{"synthetic": false,
 "outputs":
 {"o": ["3847189295781355917"],
  "i": "2015977412247811556",
  "c": "6239942442626468299"},
 "log":
 [{"message":
   ".> LEAN_PATH=/Users/samu/Documents/GitHub/HeineBorel/.lake/packages/Cli/.lake/build/lib/lean:/Users/samu/Documents/GitHub/HeineBorel/.lake/packages/batteries/.lake/build/lib/lean:/Users/samu/Documents/GitHub/HeineBorel/.lake/packages/Qq/.lake/build/lib/lean:/Users/samu/Documents/GitHub/HeineBorel/.lake/packages/aesop/.lake/build/lib/lean:/Users/samu/Documents/GitHub/HeineBorel/.lake/packages/proofwidgets/.lake/build/lib/lean:/Users/samu/Documents/GitHub/HeineBorel/.lake/packages/importGraph/.lake/build/lib/lean:/Users/samu/Documents/GitHub/HeineBorel/.lake/packages/LeanSearchClient/.lake/build/lib/lean:/Users/samu/Documents/GitHub/HeineBorel/.lake/packages/plausible/.lake/build/lib/lean:/Users/samu/Documents/GitHub/HeineBorel/.lake/packages/mathlib/.lake/build/lib/lean:/Users/samu/Documents/GitHub/HeineBorel/.lake/build/lib/lean /Users/samu/.elan/toolchains/leanprover--lean4---v4.23.0-rc2/bin/lean /Users/samu/Documents/GitHub/HeineBorel/MAT740TopologyInLeanHS25/Definitions/Compactness.lean -o /Users/samu/Documents/GitHub/HeineBorel/.lake/build/lib/lean/MAT740TopologyInLeanHS25/Definitions/Compactness.olean -i /Users/samu/Documents/GitHub/HeineBorel/.lake/build/lib/lean/MAT740TopologyInLeanHS25/Definitions/Compactness.ilean -c /Users/samu/Documents/GitHub/HeineBorel/.lake/build/ir/MAT740TopologyInLeanHS25/Definitions/Compactness.c --setup /Users/samu/Documents/GitHub/HeineBorel/.lake/build/ir/MAT740TopologyInLeanHS25/Definitions/Compactness.setup.json --json",
   "level": "trace"},
  {"message":
   "MAT740TopologyInLeanHS25/Definitions/Compactness.lean:233:8: declaration uses 'sorry'",
   "level": "warning"},
  {"message":
   "MAT740TopologyInLeanHS25/Definitions/Compactness.lean:419:8: declaration uses 'sorry'",
   "level": "warning"}],
 "inputs":
 [["MAT740TopologyInLeanHS25.Definitions.Compactness:deps",
   [["deps",
     [["«MAT740-Topology-in-Lean-HS25»/MAT740TopologyInLeanHS25:extraDep",
       [["@«MAT740-Topology-in-Lean-HS25»:extraDep", "1723"]]],
      ["imports",
       [["Mathlib.Tactic transitive imports (legacy)", "15421042236116525901"],
        ["Mathlib.Tactic:importAllArts", "18049348702817354389"],
        ["MAT740TopologyInLeanHS25.Definitions.TopologicalSpaces transitive imports (legacy)",
         "12161413081617670296"],
        ["MAT740TopologyInLeanHS25.Definitions.TopologicalSpaces:importAllArts",
         "1473352674128499644"],
        ["MAT740TopologyInLeanHS25.Definitions.ContinuousFunctions transitive imports (legacy)",
         "18411905263988934398"],
        ["MAT740TopologyInLeanHS25.Definitions.ContinuousFunctions:importAllArts",
         "3202195445802886680"],
        ["MAT740TopologyInLeanHS25.Definitions.Filters transitive imports (legacy)",
         "4589433962424419762"],
        ["MAT740TopologyInLeanHS25.Definitions.Filters:importAllArts",
         "7501588624576945813"],
        ["MAT740TopologyInLeanHS25.Definitions.NewSpaces transitive imports (legacy)",
         "11546140669704192974"],
        ["MAT740TopologyInLeanHS25.Definitions.NewSpaces:importAllArts",
         "13132778432187330609"]]]]],
    ["libs",
     [["import dynlibs", "1723"],
      ["package external libraries", "1723"],
      ["module dynlibs", "1723"],
      ["module plugins", "1723"]]]]],
  ["Lean 4.23.0, commit ad1a017949674a947f0d6794cbf7130d642c6530",
   "2372534101328293747"],
  ["/Users/samu/Documents/GitHub/HeineBorel/MAT740TopologyInLeanHS25/Definitions/Compactness.lean",
   "644522720454450529"],
  ["options",
   [["-DmaxSynthPendingDepth=3", "14379489197236848084"],
    ["-Dweak.linter.mathlibStandardSet=true", "9949955268809796418"],
    ["-DrelaxedAutoImplicit=false", "8404479228809428608"],
    ["-Dpp.unicode.fun=true", "11210593074386665387"],
    ["-DautoImplicit=false", "5369888039164004816"]]],
  ["Module.leanArgs: #[]", "1723"]],
 "depHash": "8640752018280567759"}