{"synthetic": false,
 "outputs":
 {"o": ["11839787887691245286"],
  "i": "12659193276601016975",
  "c": "18291160268283001719"},
 "log":
 [{"message":
   ".> LEAN_PATH=/Users/samu/Documents/GitHub/HeineBorel/.lake/packages/Cli/.lake/build/lib/lean:/Users/samu/Documents/GitHub/HeineBorel/.lake/packages/batteries/.lake/build/lib/lean:/Users/samu/Documents/GitHub/HeineBorel/.lake/packages/Qq/.lake/build/lib/lean:/Users/samu/Documents/GitHub/HeineBorel/.lake/packages/aesop/.lake/build/lib/lean:/Users/samu/Documents/GitHub/HeineBorel/.lake/packages/proofwidgets/.lake/build/lib/lean:/Users/samu/Documents/GitHub/HeineBorel/.lake/packages/importGraph/.lake/build/lib/lean:/Users/samu/Documents/GitHub/HeineBorel/.lake/packages/LeanSearchClient/.lake/build/lib/lean:/Users/samu/Documents/GitHub/HeineBorel/.lake/packages/plausible/.lake/build/lib/lean:/Users/samu/Documents/GitHub/HeineBorel/.lake/packages/mathlib/.lake/build/lib/lean:/Users/samu/Documents/GitHub/HeineBorel/.lake/build/lib/lean /Users/samu/.elan/toolchains/leanprover--lean4---v4.23.0-rc2/bin/lean /Users/samu/Documents/GitHub/HeineBorel/MAT740TopologyInLeanHS25/Definitions/ContinuousFunctions.lean -o /Users/samu/Documents/GitHub/HeineBorel/.lake/build/lib/lean/MAT740TopologyInLeanHS25/Definitions/ContinuousFunctions.olean -i /Users/samu/Documents/GitHub/HeineBorel/.lake/build/lib/lean/MAT740TopologyInLeanHS25/Definitions/ContinuousFunctions.ilean -c /Users/samu/Documents/GitHub/HeineBorel/.lake/build/ir/MAT740TopologyInLeanHS25/Definitions/ContinuousFunctions.c --setup /Users/samu/Documents/GitHub/HeineBorel/.lake/build/ir/MAT740TopologyInLeanHS25/Definitions/ContinuousFunctions.setup.json --json",
   "level": "trace"}],
 "inputs":
 [["MAT740TopologyInLeanHS25.Definitions.ContinuousFunctions:deps",
   [["deps",
     [["«MAT740-Topology-in-Lean-HS25»/MAT740TopologyInLeanHS25:extraDep",
       [["@«MAT740-Topology-in-Lean-HS25»:extraDep", "1723"]]],
      ["imports",
       [["MAT740TopologyInLeanHS25.Definitions.TopologicalSpaces transitive imports (legacy)",
         "12161413081617670296"],
        ["MAT740TopologyInLeanHS25.Definitions.TopologicalSpaces:importAllArts",
         "1473352674128499644"]]]]],
    ["libs",
     [["import dynlibs", "1723"],
      ["package external libraries", "1723"],
      ["module dynlibs", "1723"],
      ["module plugins", "1723"]]]]],
  ["Lean 4.23.0, commit ad1a017949674a947f0d6794cbf7130d642c6530",
   "2372534101328293747"],
  ["/Users/samu/Documents/GitHub/HeineBorel/MAT740TopologyInLeanHS25/Definitions/ContinuousFunctions.lean",
   "10441848679995839147"],
  ["options",
   [["-DmaxSynthPendingDepth=3", "14379489197236848084"],
    ["-Dweak.linter.mathlibStandardSet=true", "9949955268809796418"],
    ["-DrelaxedAutoImplicit=false", "8404479228809428608"],
    ["-Dpp.unicode.fun=true", "11210593074386665387"],
    ["-DautoImplicit=false", "5369888039164004816"]]],
  ["Module.leanArgs: #[]", "1723"]],
 "depHash": "5984627066730272407"}