{"synthetic": false,
 "outputs":
 {"o": ["14000325271371442079"],
  "i": "10970898388577423860",
  "c": "5340425972032553034"},
 "log":
 [{"message":
   ".> LEAN_PATH=/Users/samu/Documents/GitHub/HeineBorel/.lake/packages/Cli/.lake/build/lib/lean:/Users/samu/Documents/GitHub/HeineBorel/.lake/packages/batteries/.lake/build/lib/lean:/Users/samu/Documents/GitHub/HeineBorel/.lake/packages/Qq/.lake/build/lib/lean:/Users/samu/Documents/GitHub/HeineBorel/.lake/packages/aesop/.lake/build/lib/lean:/Users/samu/Documents/GitHub/HeineBorel/.lake/packages/proofwidgets/.lake/build/lib/lean:/Users/samu/Documents/GitHub/HeineBorel/.lake/packages/importGraph/.lake/build/lib/lean:/Users/samu/Documents/GitHub/HeineBorel/.lake/packages/LeanSearchClient/.lake/build/lib/lean:/Users/samu/Documents/GitHub/HeineBorel/.lake/packages/plausible/.lake/build/lib/lean:/Users/samu/Documents/GitHub/HeineBorel/.lake/packages/mathlib/.lake/build/lib/lean:/Users/samu/Documents/GitHub/HeineBorel/.lake/build/lib/lean /Users/samu/.elan/toolchains/leanprover--lean4---v4.23.0-rc2/bin/lean /Users/samu/Documents/GitHub/HeineBorel/MAT740TopologyInLeanHS25/Definitions/TopologicalSpaces.lean -o /Users/samu/Documents/GitHub/HeineBorel/.lake/build/lib/lean/MAT740TopologyInLeanHS25/Definitions/TopologicalSpaces.olean -i /Users/samu/Documents/GitHub/HeineBorel/.lake/build/lib/lean/MAT740TopologyInLeanHS25/Definitions/TopologicalSpaces.ilean -c /Users/samu/Documents/GitHub/HeineBorel/.lake/build/ir/MAT740TopologyInLeanHS25/Definitions/TopologicalSpaces.c --setup /Users/samu/Documents/GitHub/HeineBorel/.lake/build/ir/MAT740TopologyInLeanHS25/Definitions/TopologicalSpaces.setup.json --json",
   "level": "trace"}],
 "inputs":
 [["MAT740TopologyInLeanHS25.Definitions.TopologicalSpaces:deps",
   [["deps",
     [["«MAT740-Topology-in-Lean-HS25»/MAT740TopologyInLeanHS25:extraDep",
       [["@«MAT740-Topology-in-Lean-HS25»:extraDep", "1723"]]],
      ["imports",
       [["Mathlib.Tactic transitive imports (legacy)", "15421042236116525901"],
        ["Mathlib.Tactic:importAllArts", "18049348702817354389"]]]]],
    ["libs",
     [["import dynlibs", "1723"],
      ["package external libraries", "1723"],
      ["module dynlibs", "1723"],
      ["module plugins", "1723"]]]]],
  ["Lean 4.23.0, commit ad1a017949674a947f0d6794cbf7130d642c6530",
   "2372534101328293747"],
  ["/Users/samu/Documents/GitHub/HeineBorel/MAT740TopologyInLeanHS25/Definitions/TopologicalSpaces.lean",
   "9395229091650544214"],
  ["options",
   [["-DmaxSynthPendingDepth=3", "14379489197236848084"],
    ["-Dweak.linter.mathlibStandardSet=true", "9949955268809796418"],
    ["-DrelaxedAutoImplicit=false", "8404479228809428608"],
    ["-Dpp.unicode.fun=true", "11210593074386665387"],
    ["-DautoImplicit=false", "5369888039164004816"]]],
  ["Module.leanArgs: #[]", "1723"]],
 "depHash": "11937438794577650140"}